[docs.dremio.com/current/reference/sql/sql-functions/ALL_FUNCTIONS/index.html]
[backblue.gif]
[fade.gif]
[index.html]
[docs.dremio.com/img/docusaurus-social-card.jpg]
[docs.dremio.com/images/Dremio-Logo_Narwhal-Only.png]
[www.googletagmanager.com/gtme303.js]
[docs.dremio.com/assets/css/styles.fbd98301.css]
[docs.dremio.com/assets/js/runtime_main.bed2b434.js]
[docs.dremio.com/assets/js/main.cec5af91.js]
[docs.dremio.com/current/reference/sql/sql-functions/AGGREGATE/index.html]
[docs.dremio.com/current/reference/sql/sql-functions/index.html]
[docs.dremio.com/current/reference/sql/sql-functions/AI/index.html]
[docs.dremio.com/current/reference/sql/sql-functions/BINARY/index.html]
[docs.dremio.com/current/reference/sql/sql-functions/BITWISE/index.html]
[docs.dremio.com/current/reference/sql/sql-functions/BOOLEAN/index.html]
[docs.dremio.com/current/reference/sql/sql-functions/CONDITIONAL/index.html]
[docs.dremio.com/current/reference/sql/sql-functions/CONVERSION/index.html]
[docs.dremio.com/current/reference/sql/sql-functions/CRYPTOGRAPHY/index.html]
[docs.dremio.com/current/reference/sql/sql-functions/DATATYPE/index.html]
[docs.dremio.com/current/reference/sql/sql-functions/DATE_TIME/index.html]
[docs.dremio.com/current/reference/sql/sql-functions/DIRECTORY/index.html]
[docs.dremio.com/current/reference/sql/sql-functions/GEOSPATIAL/index.html]
[docs.dremio.com/current/reference/sql/sql-functions/MATH/index.html]
[docs.dremio.com/current/reference/sql/sql-functions/ALL_FUNCTIONS/index.html]
[static.cloudflareinsights.com/beacon.min.js]
[docs.dremio.com/img/docusaurus-social-card.html]
[docs.dremio.com/current/reference/sql/sql-functions/REGULAR_EXPRESSIONS/index.html]
[docs.dremio.com/current/reference/sql/sql-functions/SEMI-STRUCTURED_DATA/index.html]
[docs.dremio.com/current/reference/sql/sql-functions/PERCENTILE/index.html]
[docs.dremio.com/current/reference/sql/sql-functions/SYSTEM/index.html]
[docs.dremio.com/current/reference/sql/sql-functions/STRING/index.html]
[docs.dremio.com/current/reference/sql/sql-functions/WINDOW/index.html]
[docs.dremio.com/assets/images/big-hero2-22fbe6e7c7f1a91a2cb97ca3360eede6.png]
[docs.dremio.com/assets/css/styles.fbd98301.css]
[docs.dremio.com/current/reference/sql/sql-functions/functions/ACOS/index.html]
[docs.dremio.com/current/reference/sql/sql-functions/index.html]
[docs.dremio.com/current/reference/sql/sql-functions/functions/ABS/index.html]
[docs.dremio.com/current/reference/sql/sql-functions/AGGREGATE/index.html]
[docs.dremio.com/current/reference/sql/sql-functions/functions/AES_DECRYPT/index.html]
[docs.dremio.com/current/reference/sql/sql-functions/functions/AES_ENCRYPT/index.html]
[docs.dremio.com/current/reference/sql/sql-functions/AI/index.html]
[docs.dremio.com/current/reference/sql/sql-functions/functions/AI_COMPLETE/index.html]
[docs.dremio.com/current/reference/sql/sql-functions/functions/AI_GENERATE/index.html]
[docs.dremio.com/current/reference/sql/sql-functions/BINARY/index.html]
[docs.dremio.com/current/reference/sql/sql-functions/functions/APPROX_COUNT_DISTINCT/index.html]
[docs.dremio.com/current/reference/sql/sql-functions/functions/APPROX_PERCENTILE/index.html]
[docs.dremio.com/current/reference/sql/sql-functions/functions/AI_CLASSIFY/index.html]
[docs.dremio.com/current/reference/sql/sql-functions/BITWISE/index.html]
[docs.dremio.com/current/reference/sql/sql-functions/functions/ARRAY_AGG/index.html]
[docs.dremio.com/current/reference/sql/sql-functions/functions/ARRAY_AVG/index.html]
[docs.dremio.com/current/reference/sql/sql-functions/BOOLEAN/index.html]
[docs.dremio.com/current/reference/sql/sql-functions/functions/ARRAYS_OVERLAP/index.html]
[docs.dremio.com/current/reference/sql/sql-functions/functions/ARRAY_CAT/index.html]
[docs.dremio.com/current/reference/sql/sql-functions/functions/ARRAY_APPEND/index.html]
[docs.dremio.com/current/reference/sql/sql-functions/CONDITIONAL/index.html]
[docs.dremio.com/current/reference/sql/sql-functions/functions/ARRAY_COMPACT/index.html]
[docs.dremio.com/current/reference/sql/sql-functions/functions/ARRAY_CONTAINS/index.html]
[docs.dremio.com/current/reference/sql/sql-functions/CONVERSION/index.html]
[docs.dremio.com/current/reference/sql/sql-functions/functions/ARRAY_DISTINCT/index.html]
[docs.dremio.com/current/reference/sql/sql-functions/functions/ARRAY_FREQUENCY/index.html]
[docs.dremio.com/current/reference/sql/sql-functions/functions/ARRAY_GENERATE_RANGE/index.html]
[docs.dremio.com/current/reference/sql/sql-functions/CRYPTOGRAPHY/index.html]
[docs.dremio.com/current/reference/sql/sql-functions/functions/ARRAY_MAX/index.html]
[docs.dremio.com/current/reference/sql/sql-functions/functions/ARRAY_INSERT/index.html]
[docs.dremio.com/current/reference/sql/sql-functions/DATATYPE/index.html]
[docs.dremio.com/current/reference/sql/sql-functions/functions/ARRAY_MIN/index.html]
[docs.dremio.com/current/reference/sql/sql-functions/functions/ARRAY_POSITION/index.html]
[docs.dremio.com/current/reference/sql/sql-functions/DATE_TIME/index.html]
[docs.dremio.com/current/reference/sql/sql-functions/functions/ARRAY_PREPEND/index.html]
[docs.dremio.com/current/reference/sql/sql-functions/functions/ARRAY_SLICE/index.html]
[docs.dremio.com/current/reference/sql/sql-functions/functions/ARRAY_SIZE/index.html]
[docs.dremio.com/current/reference/sql/sql-functions/functions/ARRAY_REMOVE_AT/index.html]
[docs.dremio.com/current/reference/sql/sql-functions/DIRECTORY/index.html]
[docs.dremio.com/current/reference/sql/sql-functions/functions/ARRAY_REMOVE/index.html]
[docs.dremio.com/current/reference/sql/sql-functions/GEOSPATIAL/index.html]
[docs.dremio.com/current/reference/sql/sql-functions/MATH/index.html]
[docs.dremio.com/current/reference/sql/sql-functions/functions/ARRAY_SUM/index.html]
[docs.dremio.com/current/reference/sql/sql-functions/PERCENTILE/index.html]
[docs.dremio.com/current/reference/sql/sql-functions/functions/ARRAY_TO_STRING/index.html]
[docs.dremio.com/current/reference/sql/sql-functions/functions/ASIN/index.html]
[docs.dremio.com/current/reference/sql/sql-functions/functions/ASCII/index.html]
[docs.dremio.com/current/reference/sql/sql-functions/REGULAR_EXPRESSIONS/index.html]
[docs.dremio.com/current/reference/sql/sql-functions/functions/ATAN/index.html]
[docs.dremio.com/current/reference/sql/sql-functions/SEMI-STRUCTURED_DATA/index.html]
[docs.dremio.com/current/reference/sql/sql-functions/functions/ATAN2/index.html]
[docs.dremio.com/current/reference/sql/sql-functions/functions/BASE64/index.html]
[docs.dremio.com/current/reference/sql/sql-functions/STRING/index.html]
[docs.dremio.com/current/reference/sql/sql-functions/functions/AVG/index.html]
[docs.dremio.com/current/reference/sql/sql-functions/functions/BIN/index.html]
[docs.dremio.com/current/reference/sql/sql-functions/functions/BINARY_STRING/index.html]
[docs.dremio.com/current/reference/sql/sql-functions/functions/BITWISE_AND/index.html]
[docs.dremio.com/current/reference/sql/sql-functions/functions/BITWISE_OR/index.html]
[docs.dremio.com/current/reference/sql/sql-functions/functions/BITWISE_NOT/index.html]
[docs.dremio.com/current/reference/sql/sql-functions/SYSTEM/index.html]
[docs.dremio.com/current/reference/sql/sql-functions/WINDOW/index.html]
[docs.dremio.com/current/reference/sql/sql-functions/functions/BITWISE_XOR/index.html]
[docs.dremio.com/current/reference/sql/sql-functions/functions/BIT_AND/index.html]
[docs.dremio.com/current/reference/sql/sql-functions/functions/BIT_OR/index.html]
[docs.dremio.com/current/reference/sql/sql-functions/functions/BIT_LENGTH/index.html]
[docs.dremio.com/current/reference/sql/sql-functions/functions/BOOL_AND/index.html]
[docs.dremio.com/current/reference/sql/sql-functions/functions/BOOL_OR/index.html]
[docs.dremio.com/current/reference/sql/sql-functions/functions/BROUND/index.html]
[docs.dremio.com/current/reference/sql/sql-functions/functions/BTRIM/index.html]
[docs.dremio.com/current/reference/sql/sql-functions/functions/CARDINALITY/index.html]
[docs.dremio.com/current/reference/sql/sql-functions/functions/CASE/index.html]
[docs.dremio.com/current/reference/sql/sql-functions/functions/CAST/index.html]
[docs.dremio.com/current/reference/sql/sql-functions/functions/CBRT/index.html]
[docs.dremio.com/current/reference/sql/sql-functions/functions/CEILING/index.html]
[docs.dremio.com/current/reference/sql/sql-functions/functions/CHARACTER_LENGTH/index.html]
[docs.dremio.com/current/reference/sql/sql-functions/functions/CHAR_LENGTH/index.html]
[docs.dremio.com/current/reference/sql/sql-functions/functions/CHR/index.html]
[docs.dremio.com/current/reference/sql/sql-functions/functions/COALESCE/index.html]
[docs.dremio.com/current/reference/sql/sql-functions/functions/COL_LIKE/index.html]
[docs.dremio.com/current/reference/sql/sql-functions/functions/CONCAT/index.html]
[docs.dremio.com/current/reference/sql/sql-functions/functions/CONTAINS/index.html]
[docs.dremio.com/current/reference/sql/sql-functions/functions/CONCAT_WS/index.html]
[docs.dremio.com/current/reference/sql/sql-functions/functions/CONVERT_FROM/index.html]
[docs.dremio.com/current/reference/sql/sql-functions/functions/CONVERT_REPLACEUTF8/index.html]
[docs.dremio.com/current/reference/sql/sql-functions/functions/CONVERT_TIMEZONE/index.html]
[docs.dremio.com/current/reference/sql/sql-functions/functions/CONVERT_TO/index.html]
[docs.dremio.com/current/reference/sql/sql-functions/functions/CORR/index.html]
[docs.dremio.com/current/reference/sql/sql-functions/functions/COS/index.html]
[docs.dremio.com/current/reference/sql/sql-functions/functions/COSH/index.html]
[docs.dremio.com/current/reference/sql/sql-functions/functions/COT/index.html]
[docs.dremio.com/current/reference/sql/sql-functions/functions/COUNT/index.html]
[docs.dremio.com/current/reference/sql/sql-functions/functions/COVAR_POP/index.html]
[docs.dremio.com/current/reference/sql/sql-functions/functions/COVAR_SAMP/index.html]
[docs.dremio.com/current/reference/sql/sql-functions/functions/CRC32/index.html]
[docs.dremio.com/current/reference/sql/sql-functions/functions/CUME_DIST/index.html]
[docs.dremio.com/current/reference/sql/sql-functions/functions/CURRENT_DATE_UTC/index.html]
[docs.dremio.com/current/reference/sql/sql-functions/functions/CURRENT_DATE/index.html]
[docs.dremio.com/current/reference/sql/sql-functions/functions/CURRENT_SCHEMA/index.html]
[docs.dremio.com/current/reference/sql/sql-functions/functions/CURRENT_TIME/index.html]
[docs.dremio.com/current/reference/sql/sql-functions/functions/CURRENT_TIMESTAMP/index.html]
[docs.dremio.com/current/reference/sql/sql-functions/functions/DATEDIFF/index.html]
[docs.dremio.com/current/reference/sql/sql-functions/functions/DATETYPE/index.html]
[docs.dremio.com/current/reference/sql/sql-functions/functions/DATE_DIFF/index.html]
[docs.dremio.com/current/reference/sql/sql-functions/functions/DATE_ADD/index.html]
[docs.dremio.com/current/reference/sql/sql-functions/functions/DATE_SUB/index.html]
[docs.dremio.com/current/reference/sql/sql-functions/functions/DATE_PART/index.html]
[docs.dremio.com/current/reference/sql/sql-functions/functions/DATE_TRUNC/index.html]
[docs.dremio.com/current/reference/sql/sql-functions/functions/DAY/index.html]
[docs.dremio.com/current/reference/sql/sql-functions/functions/DAYOFMONTH/index.html]
[docs.dremio.com/current/reference/sql/sql-functions/functions/DEGREES/index.html]
[docs.dremio.com/current/reference/sql/sql-functions/functions/DAYOFYEAR/index.html]
[docs.dremio.com/current/reference/sql/sql-functions/functions/DENSE_RANK/index.html]
[docs.dremio.com/current/reference/sql/sql-functions/functions/DAYOFWEEK/index.html]
[docs.dremio.com/current/reference/sql/sql-functions/functions/E/index.html]
[docs.dremio.com/current/reference/sql/sql-functions/functions/ENCODE/index.html]
[docs.dremio.com/current/reference/sql/sql-functions/functions/ENDS_WITH/index.html]
[docs.dremio.com/current/reference/sql/sql-functions/functions/EXP/index.html]
[docs.dremio.com/current/reference/sql/sql-functions/functions/EXTRACT/index.html]
[docs.dremio.com/current/reference/sql/sql-functions/functions/FACTORIAL/index.html]
[docs.dremio.com/current/reference/sql/sql-functions/functions/FIRST_VALUE/index.html]
[docs.dremio.com/current/reference/sql/sql-functions/functions/FLATTEN/index.html]
[docs.dremio.com/current/reference/sql/sql-functions/functions/FLOOR/index.html]
[docs.dremio.com/current/reference/sql/sql-functions/functions/FROM_HEX/index.html]
[docs.dremio.com/current/reference/sql/sql-functions/functions/GEO_DISTANCE/index.html]
[docs.dremio.com/current/reference/sql/sql-functions/functions/GEO_BEYOND/index.html]
[docs.dremio.com/current/reference/sql/sql-functions/functions/GREATEST/index.html]
[docs.dremio.com/current/reference/sql/sql-functions/functions/GEO_NEARBY/index.html]
[docs.dremio.com/current/reference/sql/sql-functions/functions/HASH/index.html]
[docs.dremio.com/current/reference/sql/sql-functions/functions/HEX/index.html]
[docs.dremio.com/current/reference/sql/sql-functions/functions/HOUR/index.html]
[docs.dremio.com/current/reference/sql/sql-functions/functions/HASH64/index.html]
[docs.dremio.com/current/reference/sql/sql-functions/functions/ILIKE/index.html]
[docs.dremio.com/current/reference/sql/sql-functions/functions/IMAXDIR/index.html]
[docs.dremio.com/current/reference/sql/sql-functions/functions/IMINDIR/index.html]
[docs.dremio.com/current/reference/sql/sql-functions/functions/INITCAP/index.html]
[docs.dremio.com/current/reference/sql/sql-functions/functions/INSTR/index.html]
[docs.dremio.com/current/reference/sql/sql-functions/functions/IS__NOT__DISTINCT_FROM/index.html]
[docs.dremio.com/current/reference/sql/sql-functions/functions/ISDATE/index.html]
[docs.dremio.com/current/reference/sql/sql-functions/functions/IS__NOT__FALSE/index.html]
[docs.dremio.com/current/reference/sql/sql-functions/functions/IS__NOT__NULL/index.html]
[docs.dremio.com/current/reference/sql/sql-functions/functions/ISNUMERIC/index.html]
[docs.dremio.com/current/reference/sql/sql-functions/functions/IS__NOT__TRUE/index.html]
[docs.dremio.com/current/reference/sql/sql-functions/functions/IS_BIGINT/index.html]
[docs.dremio.com/current/reference/sql/sql-functions/functions/IS_INT/index.html]
[docs.dremio.com/current/reference/sql/sql-functions/functions/IS_MEMBER/index.html]
[docs.dremio.com/current/reference/sql/sql-functions/functions/IS_SUBSTR/index.html]
[docs.dremio.com/current/reference/sql/sql-functions/functions/IS_UTF8/index.html]
[docs.dremio.com/current/reference/sql/sql-functions/functions/IS_VARCHAR/index.html]
[docs.dremio.com/current/reference/sql/sql-functions/functions/LAG/index.html]
[docs.dremio.com/current/reference/sql/sql-functions/functions/LAST_DAY/index.html]
[docs.dremio.com/current/reference/sql/sql-functions/functions/LAST_QUERY_ID/index.html]
[docs.dremio.com/current/reference/sql/sql-functions/functions/LCASE/index.html]
[docs.dremio.com/current/reference/sql/sql-functions/functions/LAST_VALUE/index.html]
[docs.dremio.com/current/reference/sql/sql-functions/functions/LEAD/index.html]
[docs.dremio.com/current/reference/sql/sql-functions/functions/LEAST/index.html]
[docs.dremio.com/current/reference/sql/sql-functions/functions/LEFT/index.html]
[docs.dremio.com/current/reference/sql/sql-functions/functions/LENGTH/index.html]
[docs.dremio.com/current/reference/sql/sql-functions/functions/LEVENSHTEIN/index.html]
[docs.dremio.com/current/reference/sql/sql-functions/functions/LIKE/index.html]
[docs.dremio.com/current/reference/sql/sql-functions/functions/LISTAGG/index.html]
[docs.dremio.com/current/reference/sql/sql-functions/functions/LIST_FILES/index.html]
[docs.dremio.com/current/reference/sql/sql-functions/functions/LN/index.html]
[docs.dremio.com/current/reference/sql/sql-functions/functions/LOCALTIME/index.html]
[docs.dremio.com/current/reference/sql/sql-functions/functions/LOCALTIMESTAMP/index.html]
[docs.dremio.com/current/reference/sql/sql-functions/functions/LOCATE/index.html]
[docs.dremio.com/current/reference/sql/sql-functions/functions/LOG/index.html]
[docs.dremio.com/current/reference/sql/sql-functions/functions/LOG10/index.html]
[docs.dremio.com/current/reference/sql/sql-functions/functions/LOWER/index.html]
[docs.dremio.com/current/reference/sql/sql-functions/functions/LSHIFT/index.html]
[docs.dremio.com/current/reference/sql/sql-functions/functions/LPAD/index.html]
[docs.dremio.com/current/reference/sql/sql-functions/functions/LTRIM/index.html]
[docs.dremio.com/current/reference/sql/sql-functions/functions/MAP_KEYS/index.html]
[docs.dremio.com/current/reference/sql/sql-functions/functions/MAP_VALUES/index.html]
[docs.dremio.com/current/reference/sql/sql-functions/functions/MASK/index.html]
[docs.dremio.com/current/reference/sql/sql-functions/functions/MASK_FIRST_N/index.html]
[docs.dremio.com/current/reference/sql/sql-functions/functions/MASK_HASH/index.html]
[docs.dremio.com/current/reference/sql/sql-functions/functions/MASK_LAST_N/index.html]
[docs.dremio.com/current/reference/sql/sql-functions/functions/MASK_SHOW_FIRST_N/index.html]
[docs.dremio.com/current/reference/sql/sql-functions/functions/MASK_SHOW_LAST_N/index.html]
[docs.dremio.com/current/reference/sql/sql-functions/functions/MAX/index.html]
[docs.dremio.com/current/reference/sql/sql-functions/functions/MAXDIR/index.html]
[docs.dremio.com/current/reference/sql/sql-functions/functions/MD5/index.html]
[docs.dremio.com/current/reference/sql/sql-functions/functions/MEDIAN/index.html]
[docs.dremio.com/current/reference/sql/sql-functions/functions/MIN/index.html]
[docs.dremio.com/current/reference/sql/sql-functions/functions/MINDIR/index.html]
[docs.dremio.com/current/reference/sql/sql-functions/functions/MINUTE/index.html]
[docs.dremio.com/current/reference/sql/sql-functions/functions/MOD/index.html]
[docs.dremio.com/current/reference/sql/sql-functions/functions/MONTH/index.html]
[docs.dremio.com/current/reference/sql/sql-functions/functions/MONTHS_BETWEEN/index.html]
[docs.dremio.com/current/reference/sql/sql-functions/functions/NDV/index.html]
[docs.dremio.com/current/reference/sql/sql-functions/functions/NEXT_DAY/index.html]
[docs.dremio.com/current/reference/sql/sql-functions/functions/NORMALIZE_STRING/index.html]
[docs.dremio.com/current/reference/sql/sql-functions/functions/NOW/index.html]
[docs.dremio.com/current/reference/sql/sql-functions/functions/NTILE/index.html]
[docs.dremio.com/current/reference/sql/sql-functions/functions/NULLIF/index.html]
[docs.dremio.com/current/reference/sql/sql-functions/functions/NVL/index.html]
[docs.dremio.com/current/reference/sql/sql-functions/functions/OCTET_LENGTH/index.html]
[docs.dremio.com/current/reference/sql/sql-functions/functions/OVERLAPS/index.html]
[docs.dremio.com/current/reference/sql/sql-functions/functions/PARSE_URL/index.html]
[docs.dremio.com/current/reference/sql/sql-functions/functions/PERCENTILE_CONT/index.html]
[docs.dremio.com/current/reference/sql/sql-functions/functions/PERCENTILE_DISC/index.html]
[docs.dremio.com/current/reference/sql/sql-functions/functions/PERCENT_RANK/index.html]
[docs.dremio.com/current/reference/sql/sql-functions/functions/PI/index.html]
[docs.dremio.com/current/reference/sql/sql-functions/functions/PMOD/index.html]
[docs.dremio.com/current/reference/sql/sql-functions/functions/POSITION/index.html]
[docs.dremio.com/current/reference/sql/sql-functions/functions/POW__POWER/index.html]
[docs.dremio.com/current/reference/sql/sql-functions/functions/QUARTER/index.html]
[docs.dremio.com/current/reference/sql/sql-functions/functions/QUERY_USER/index.html]
[docs.dremio.com/current/reference/sql/sql-functions/functions/QUOTE/index.html]
[docs.dremio.com/current/reference/sql/sql-functions/functions/RADIANS/index.html]
[docs.dremio.com/current/reference/sql/sql-functions/functions/RANDOM/index.html]
[docs.dremio.com/current/reference/sql/sql-functions/functions/RANK/index.html]
[docs.dremio.com/current/reference/sql/sql-functions/functions/REGEXP_COL_LIKE/index.html]
[docs.dremio.com/current/reference/sql/sql-functions/functions/REGEXP_EXTRACT/index.html]
[docs.dremio.com/current/reference/sql/sql-functions/functions/REGEXP_LIKE/index.html]
[docs.dremio.com/current/reference/sql/sql-functions/functions/REGEXP_MATCHES/index.html]
[docs.dremio.com/current/reference/sql/sql-functions/functions/REGEXP_REPLACE/index.html]
[docs.dremio.com/current/reference/sql/sql-functions/functions/REGEXP_SPLIT/index.html]
[docs.dremio.com/current/reference/sql/sql-functions/functions/REPEAT/index.html]
[docs.dremio.com/current/reference/sql/sql-functions/functions/REPEATSTR/index.html]
[docs.dremio.com/current/reference/sql/sql-functions/functions/REPLACE/index.html]
[docs.dremio.com/current/reference/sql/sql-functions/functions/REVERSE/index.html]
[docs.dremio.com/current/reference/sql/sql-functions/functions/RIGHT/index.html]
[docs.dremio.com/current/reference/sql/sql-functions/functions/ROUND/index.html]
[docs.dremio.com/current/reference/sql/sql-functions/functions/ROW_NUMBER/index.html]
[docs.dremio.com/current/reference/sql/sql-functions/functions/RPAD/index.html]
[docs.dremio.com/current/reference/sql/sql-functions/functions/RSHIFT/index.html]
[docs.dremio.com/current/reference/sql/sql-functions/functions/RTRIM/index.html]
[docs.dremio.com/current/reference/sql/sql-functions/functions/SECOND/index.html]
[docs.dremio.com/current/reference/sql/sql-functions/functions/SESSION_USER/index.html]
[docs.dremio.com/current/reference/sql/sql-functions/functions/SET_UNION/index.html]
[docs.dremio.com/current/reference/sql/sql-functions/functions/SHA__SHA1/index.html]
[docs.dremio.com/current/reference/sql/sql-functions/functions/SHA512/index.html]
[docs.dremio.com/current/reference/sql/sql-functions/functions/SHA256/index.html]
[docs.dremio.com/current/reference/sql/sql-functions/functions/SIMILAR_TO/index.html]
[docs.dremio.com/current/reference/sql/sql-functions/functions/SIN/index.html]
[docs.dremio.com/current/reference/sql/sql-functions/functions/SIGN/index.html]
[docs.dremio.com/current/reference/sql/sql-functions/functions/SINH/index.html]
[docs.dremio.com/current/reference/sql/sql-functions/functions/SIZE/index.html]
[docs.dremio.com/current/reference/sql/sql-functions/functions/SOUNDEX/index.html]
[docs.dremio.com/current/reference/sql/sql-functions/functions/SPLIT_PART/index.html]
[docs.dremio.com/current/reference/sql/sql-functions/functions/SQRT/index.html]
[docs.dremio.com/current/reference/sql/sql-functions/functions/STARTS_WITH/index.html]
[docs.dremio.com/current/reference/sql/sql-functions/functions/STDDEV/index.html]
[docs.dremio.com/current/reference/sql/sql-functions/functions/STDDEV_POP/index.html]
[docs.dremio.com/current/reference/sql/sql-functions/functions/STDDEV_SAMP/index.html]
[docs.dremio.com/current/reference/sql/sql-functions/functions/STRING_BINARY/index.html]
[docs.dremio.com/current/reference/sql/sql-functions/functions/STRPOS/index.html]
[docs.dremio.com/current/reference/sql/sql-functions/functions/ST_FROMGEOHASH/index.html]
[docs.dremio.com/current/reference/sql/sql-functions/functions/ST_GEOHASH/index.html]
[docs.dremio.com/current/reference/sql/sql-functions/functions/SUBLIST/index.html]
[docs.dremio.com/current/reference/sql/sql-functions/functions/SUBSTR/index.html]
[docs.dremio.com/current/reference/sql/sql-functions/functions/SUBSTRING/index.html]
[docs.dremio.com/current/reference/sql/sql-functions/functions/SUBSTRING_INDEX/index.html]
[docs.dremio.com/current/reference/sql/sql-functions/functions/SUM/index.html]
[docs.dremio.com/current/reference/sql/sql-functions/functions/SYSTEM_USER/index.html]
[docs.dremio.com/current/reference/sql/sql-functions/functions/TAN/index.html]
[docs.dremio.com/current/reference/sql/sql-functions/functions/TANH/index.html]
[docs.dremio.com/current/reference/sql/sql-functions/functions/TIMESTAMPADD/index.html]
[docs.dremio.com/current/reference/sql/sql-functions/functions/TIMESTAMPDIFF/index.html]
[docs.dremio.com/current/reference/sql/sql-functions/functions/TIMESTAMPTYPE/index.html]
[docs.dremio.com/current/reference/sql/sql-functions/functions/TOASCII/index.html]
[docs.dremio.com/current/reference/sql/sql-functions/functions/TO_CHAR/index.html]
[docs.dremio.com/current/reference/sql/sql-functions/functions/TO_DATE/index.html]
[docs.dremio.com/current/reference/sql/sql-functions/functions/TO_HEX/index.html]
[docs.dremio.com/current/reference/sql/sql-functions/functions/TO_NUMBER/index.html]
[docs.dremio.com/current/reference/sql/sql-functions/functions/TO_TIME/index.html]
[docs.dremio.com/current/reference/sql/sql-functions/functions/TRANSACTION_TIMESTAMP/index.html]
[docs.dremio.com/current/reference/sql/sql-functions/functions/TO_TIMESTAMP/index.html]
[docs.dremio.com/current/reference/sql/sql-functions/functions/TRANSLATE/index.html]
[docs.dremio.com/current/reference/sql/sql-functions/functions/TRIM/index.html]
[docs.dremio.com/current/reference/sql/sql-functions/functions/TRUNCATE/index.html]
[docs.dremio.com/current/reference/sql/sql-functions/functions/TRY_CONVERT_FROM/index.html]
[docs.dremio.com/current/reference/sql/sql-functions/functions/TYPEOF/index.html]
[docs.dremio.com/current/reference/sql/sql-functions/functions/UCASE/index.html]
[docs.dremio.com/current/reference/sql/sql-functions/functions/UNBASE64/index.html]
[docs.dremio.com/current/reference/sql/sql-functions/functions/UNHEX/index.html]
[docs.dremio.com/current/reference/sql/sql-functions/functions/UNIX_TIMESTAMP/index.html]
[docs.dremio.com/current/reference/sql/sql-functions/functions/UPPER/index.html]
[docs.dremio.com/current/reference/sql/sql-functions/functions/USER/index.html]
[docs.dremio.com/current/reference/sql/sql-functions/functions/VAR_POP/index.html]
[docs.dremio.com/current/reference/sql/sql-functions/functions/VAR_SAMP/index.html]
[docs.dremio.com/current/reference/sql/sql-functions/functions/WEEK/index.html]
[docs.dremio.com/current/reference/sql/sql-functions/functions/WEEKOFYEAR/index.html]
[docs.dremio.com/current/reference/sql/sql-functions/functions/XOR/index.html]
[docs.dremio.com/current/reference/sql/sql-functions/functions/YEAR/index.html]
[docs.dremio.com/current/reference/sql/sql-functions/functions/ABS/index.html]
[docs.dremio.com/current/reference/sql/sql-functions/functions/ACOS/index.html]
[docs.dremio.com/current/reference/sql/sql-functions/functions/AES_DECRYPT/index.html]
[docs.dremio.com/current/reference/sql/sql-functions/functions/AES_ENCRYPT/index.html]
[docs.dremio.com/current/reference/sql/sql-functions/functions/AI_CLASSIFY/index.html]
[docs.dremio.com/current/reference/sql/sql-functions/functions/AI_COMPLETE/index.html]
[docs.dremio.com/current/reference/sql/sql-functions/functions/AI_GENERATE/index.html]
[docs.dremio.com/current/reference/sql/sql-functions/functions/APPROX_COUNT_DISTINCT/index.html]
[docs.dremio.com/current/reference/sql/sql-functions/functions/APPROX_PERCENTILE/index.html]
[docs.dremio.com/current/reference/sql/sql-functions/functions/ARRAYS_OVERLAP/index.html]
[docs.dremio.com/current/reference/sql/sql-functions/functions/ARRAY_AGG/index.html]
[docs.dremio.com/current/reference/sql/sql-functions/functions/ARRAY_APPEND/index.html]
[docs.dremio.com/current/reference/sql/sql-functions/functions/ARRAY_AVG/index.html]
[docs.dremio.com/current/reference/sql/sql-functions/functions/ARRAY_CAT/index.html]
[docs.dremio.com/current/reference/sql/sql-functions/functions/ARRAY_COMPACT/index.html]
[docs.dremio.com/current/reference/sql/sql-functions/functions/ARRAY_CONTAINS/index.html]
[docs.dremio.com/current/reference/sql/sql-functions/functions/ARRAY_DISTINCT/index.html]
[docs.dremio.com/current/reference/sql/sql-functions/functions/ARRAY_FREQUENCY/index.html]
[docs.dremio.com/current/reference/sql/sql-functions/functions/ARRAY_GENERATE_RANGE/index.html]
[docs.dremio.com/current/reference/sql/sql-functions/functions/ARRAY_INSERT/index.html]
[docs.dremio.com/current/reference/sql/sql-functions/functions/ARRAY_MAX/index.html]
[docs.dremio.com/current/reference/sql/sql-functions/functions/ARRAY_MIN/index.html]
[docs.dremio.com/current/reference/sql/sql-functions/functions/ARRAY_POSITION/index.html]
[docs.dremio.com/current/reference/sql/sql-functions/functions/ARRAY_PREPEND/index.html]
[docs.dremio.com/current/reference/sql/sql-functions/functions/ARRAY_REMOVE/index.html]
[docs.dremio.com/current/reference/sql/sql-functions/functions/ARRAY_REMOVE_AT/index.html]
[docs.dremio.com/current/reference/sql/sql-functions/functions/ARRAY_SIZE/index.html]
[docs.dremio.com/current/reference/sql/sql-functions/functions/ARRAY_SLICE/index.html]
[docs.dremio.com/current/reference/sql/sql-functions/functions/ARRAY_SUM/index.html]
[docs.dremio.com/current/reference/sql/sql-functions/functions/ARRAY_TO_STRING/index.html]
[docs.dremio.com/current/reference/sql/sql-functions/functions/ASCII/index.html]
[docs.dremio.com/current/reference/sql/sql-functions/functions/ASIN/index.html]
[docs.dremio.com/current/reference/sql/sql-functions/functions/ATAN/index.html]
[docs.dremio.com/current/reference/sql/sql-functions/functions/ATAN2/index.html]
[docs.dremio.com/current/reference/sql/sql-functions/functions/AVG/index.html]
[docs.dremio.com/current/reference/sql/sql-functions/functions/BASE64/index.html]
[docs.dremio.com/current/reference/sql/sql-functions/functions/BIN/index.html]
[docs.dremio.com/current/reference/sql/sql-functions/functions/BINARY_STRING/index.html]
[docs.dremio.com/current/reference/sql/sql-functions/functions/BITWISE_AND/index.html]
[docs.dremio.com/current/reference/sql/sql-functions/functions/BITWISE_NOT/index.html]
[docs.dremio.com/current/reference/sql/sql-functions/functions/BITWISE_OR/index.html]
[docs.dremio.com/current/reference/sql/sql-functions/functions/BITWISE_XOR/index.html]
[docs.dremio.com/current/reference/sql/sql-functions/functions/BIT_AND/index.html]
[docs.dremio.com/current/reference/sql/sql-functions/functions/BIT_LENGTH/index.html]
[docs.dremio.com/current/reference/sql/sql-functions/functions/BIT_OR/index.html]
[docs.dremio.com/current/reference/sql/sql-functions/functions/BOOL_AND/index.html]
[docs.dremio.com/current/reference/sql/sql-functions/functions/BOOL_OR/index.html]
[docs.dremio.com/current/reference/sql/sql-functions/functions/BROUND/index.html]
[docs.dremio.com/current/reference/sql/sql-functions/functions/BTRIM/index.html]
[docs.dremio.com/current/reference/sql/sql-functions/functions/CARDINALITY/index.html]
[docs.dremio.com/current/reference/sql/sql-functions/functions/CASE/index.html]
[docs.dremio.com/current/reference/sql/sql-functions/functions/CAST/index.html]
[docs.dremio.com/current/reference/sql/sql-functions/functions/CBRT/index.html]
[docs.dremio.com/current/reference/sql/sql-functions/functions/CEILING/index.html]
[docs.dremio.com/current/reference/sql/sql-functions/functions/CHARACTER_LENGTH/index.html]
[docs.dremio.com/current/reference/sql/sql-functions/functions/CHAR_LENGTH/index.html]
[docs.dremio.com/current/reference/sql/sql-functions/functions/CHR/index.html]
[docs.dremio.com/current/reference/sql/sql-functions/functions/COALESCE/index.html]
[docs.dremio.com/current/reference/sql/sql-functions/functions/COL_LIKE/index.html]
[docs.dremio.com/current/reference/sql/sql-functions/functions/CONCAT/index.html]
[docs.dremio.com/current/reference/sql/sql-functions/functions/CONCAT_WS/index.html]
[docs.dremio.com/current/reference/sql/sql-functions/functions/CONTAINS/index.html]
[docs.dremio.com/current/reference/sql/sql-functions/functions/CONVERT_FROM/index.html]
[docs.dremio.com/current/reference/sql/sql-functions/functions/CONVERT_REPLACEUTF8/index.html]
[docs.dremio.com/current/reference/sql/sql-functions/functions/CONVERT_TIMEZONE/index.html]
[docs.dremio.com/current/reference/sql/sql-functions/functions/CONVERT_TO/index.html]
[docs.dremio.com/current/reference/sql/sql-functions/functions/CORR/index.html]
[docs.dremio.com/current/reference/sql/sql-functions/functions/COS/index.html]
[docs.dremio.com/current/reference/sql/sql-functions/functions/COSH/index.html]
[docs.dremio.com/current/reference/sql/sql-functions/functions/COT/index.html]
[docs.dremio.com/current/reference/sql/sql-functions/functions/COUNT/index.html]
[docs.dremio.com/current/reference/sql/sql-functions/functions/COVAR_POP/index.html]
[docs.dremio.com/current/reference/sql/sql-functions/functions/COVAR_SAMP/index.html]
[docs.dremio.com/current/reference/sql/sql-functions/functions/CRC32/index.html]
[docs.dremio.com/current/reference/sql/sql-functions/functions/CUME_DIST/index.html]
[docs.dremio.com/current/reference/sql/sql-functions/functions/CURRENT_DATE/index.html]
[docs.dremio.com/current/reference/sql/sql-functions/functions/CURRENT_DATE_UTC/index.html]
[docs.dremio.com/current/reference/sql/sql-functions/functions/CURRENT_SCHEMA/index.html]
[docs.dremio.com/current/reference/sql/sql-functions/functions/CURRENT_TIME/index.html]
[docs.dremio.com/current/reference/sql/sql-functions/functions/CURRENT_TIMESTAMP/index.html]
[docs.dremio.com/current/reference/sql/sql-functions/functions/DATEDIFF/index.html]
[docs.dremio.com/current/reference/sql/sql-functions/functions/DATETYPE/index.html]
[docs.dremio.com/current/reference/sql/sql-functions/functions/DATE_ADD/index.html]
[docs.dremio.com/current/reference/sql/sql-functions/functions/DATE_DIFF/index.html]
[docs.dremio.com/current/reference/sql/sql-functions/functions/DATE_PART/index.html]
[docs.dremio.com/current/reference/sql/sql-functions/functions/DATE_SUB/index.html]
[docs.dremio.com/current/reference/sql/sql-functions/functions/DATE_TRUNC/index.html]
[docs.dremio.com/current/reference/sql/sql-functions/functions/DAY/index.html]
[docs.dremio.com/current/reference/sql/sql-functions/functions/DAYOFMONTH/index.html]
[docs.dremio.com/current/reference/sql/sql-functions/functions/DAYOFWEEK/index.html]
[docs.dremio.com/current/reference/sql/sql-functions/functions/DAYOFYEAR/index.html]
[docs.dremio.com/current/reference/sql/sql-functions/functions/DEGREES/index.html]
[docs.dremio.com/current/reference/sql/sql-functions/functions/DENSE_RANK/index.html]
[docs.dremio.com/current/reference/sql/sql-functions/functions/E/index.html]
[docs.dremio.com/current/reference/sql/sql-functions/functions/ENCODE/index.html]
[docs.dremio.com/current/reference/sql/sql-functions/functions/ENDS_WITH/index.html]
[docs.dremio.com/current/reference/sql/sql-functions/functions/EXP/index.html]
[docs.dremio.com/current/reference/sql/sql-functions/functions/EXTRACT/index.html]
[docs.dremio.com/current/reference/sql/sql-functions/functions/FACTORIAL/index.html]
[docs.dremio.com/current/reference/sql/sql-functions/functions/FIRST_VALUE/index.html]
[docs.dremio.com/current/reference/sql/sql-functions/functions/FLATTEN/index.html]
[docs.dremio.com/current/reference/sql/sql-functions/functions/FLOOR/index.html]
[docs.dremio.com/current/reference/sql/sql-functions/functions/FROM_HEX/index.html]
[docs.dremio.com/current/reference/sql/sql-functions/functions/GEO_BEYOND/index.html]
[docs.dremio.com/current/reference/sql/sql-functions/functions/GEO_DISTANCE/index.html]
[docs.dremio.com/current/reference/sql/sql-functions/functions/GEO_NEARBY/index.html]
[docs.dremio.com/current/reference/sql/sql-functions/functions/GREATEST/index.html]
[docs.dremio.com/current/reference/sql/sql-functions/functions/HASH/index.html]
[docs.dremio.com/current/reference/sql/sql-functions/functions/HASH64/index.html]
[docs.dremio.com/current/reference/sql/sql-functions/functions/HEX/index.html]
[docs.dremio.com/current/reference/sql/sql-functions/functions/HOUR/index.html]
[docs.dremio.com/current/reference/sql/sql-functions/functions/ILIKE/index.html]
[docs.dremio.com/current/reference/sql/sql-functions/functions/IMAXDIR/index.html]
[docs.dremio.com/current/reference/sql/sql-functions/functions/IMINDIR/index.html]
[docs.dremio.com/current/reference/sql/sql-functions/functions/INITCAP/index.html]
[docs.dremio.com/current/reference/sql/sql-functions/functions/INSTR/index.html]
[docs.dremio.com/current/reference/sql/sql-functions/functions/IS__NOT__DISTINCT_FROM/index.html]
[docs.dremio.com/current/reference/sql/sql-functions/functions/ISDATE/index.html]
[docs.dremio.com/current/reference/sql/sql-functions/functions/IS__NOT__FALSE/index.html]
[docs.dremio.com/current/reference/sql/sql-functions/functions/IS__NOT__NULL/index.html]
[docs.dremio.com/current/reference/sql/sql-functions/functions/ISNUMERIC/index.html]
[docs.dremio.com/current/reference/sql/sql-functions/functions/IS__NOT__TRUE/index.html]
[docs.dremio.com/current/reference/sql/sql-functions/functions/IS_BIGINT/index.html]
[docs.dremio.com/current/reference/sql/sql-functions/functions/IS_INT/index.html]
[docs.dremio.com/current/reference/sql/sql-functions/functions/IS_MEMBER/index.html]
[docs.dremio.com/current/reference/sql/sql-functions/functions/IS_SUBSTR/index.html]
[docs.dremio.com/current/reference/sql/sql-functions/functions/IS_UTF8/index.html]
[docs.dremio.com/current/reference/sql/sql-functions/functions/IS_VARCHAR/index.html]
[docs.dremio.com/current/reference/sql/sql-functions/functions/LAG/index.html]
[docs.dremio.com/current/reference/sql/sql-functions/functions/LAST_DAY/index.html]
[docs.dremio.com/current/reference/sql/sql-functions/functions/LAST_QUERY_ID/index.html]
[docs.dremio.com/current/reference/sql/sql-functions/functions/LAST_VALUE/index.html]
[docs.dremio.com/current/reference/sql/sql-functions/functions/LCASE/index.html]
[docs.dremio.com/current/reference/sql/sql-functions/functions/LEAD/index.html]
[docs.dremio.com/current/reference/sql/sql-functions/functions/LEAST/index.html]
[docs.dremio.com/current/reference/sql/sql-functions/functions/LEFT/index.html]
[docs.dremio.com/current/reference/sql/sql-functions/functions/LENGTH/index.html]
[docs.dremio.com/current/reference/sql/sql-functions/functions/LEVENSHTEIN/index.html]
[docs.dremio.com/current/reference/sql/sql-functions/functions/LIKE/index.html]
[docs.dremio.com/current/reference/sql/sql-functions/functions/LISTAGG/index.html]
[docs.dremio.com/current/reference/sql/sql-functions/functions/LIST_FILES/index.html]
[docs.dremio.com/current/reference/sql/sql-functions/functions/LN/index.html]
[docs.dremio.com/current/reference/sql/sql-functions/functions/LOCALTIME/index.html]
[docs.dremio.com/current/reference/sql/sql-functions/functions/LOCALTIMESTAMP/index.html]
[docs.dremio.com/current/reference/sql/sql-functions/functions/LOCATE/index.html]
[docs.dremio.com/current/reference/sql/sql-functions/functions/LOG/index.html]
[docs.dremio.com/current/reference/sql/sql-functions/functions/LOG10/index.html]
[docs.dremio.com/current/reference/sql/sql-functions/functions/LOWER/index.html]
[docs.dremio.com/current/reference/sql/sql-functions/functions/LPAD/index.html]
[docs.dremio.com/current/reference/sql/sql-functions/functions/LSHIFT/index.html]
[docs.dremio.com/current/reference/sql/sql-functions/functions/LTRIM/index.html]
[docs.dremio.com/current/reference/sql/sql-functions/functions/MAP_KEYS/index.html]
[docs.dremio.com/current/reference/sql/sql-functions/functions/MAP_VALUES/index.html]
[docs.dremio.com/current/reference/sql/sql-functions/functions/MASK/index.html]
[docs.dremio.com/current/reference/sql/sql-functions/functions/MASK_FIRST_N/index.html]
[docs.dremio.com/current/reference/sql/sql-functions/functions/MASK_HASH/index.html]
[docs.dremio.com/current/reference/sql/sql-functions/functions/MASK_LAST_N/index.html]
[docs.dremio.com/current/reference/sql/sql-functions/functions/MASK_SHOW_FIRST_N/index.html]
[docs.dremio.com/current/reference/sql/sql-functions/functions/MASK_SHOW_LAST_N/index.html]
[docs.dremio.com/current/reference/sql/sql-functions/functions/MAX/index.html]
[docs.dremio.com/current/reference/sql/sql-functions/functions/MAXDIR/index.html]
[docs.dremio.com/current/reference/sql/sql-functions/functions/MD5/index.html]
[docs.dremio.com/current/reference/sql/sql-functions/functions/MEDIAN/index.html]
[docs.dremio.com/current/reference/sql/sql-functions/functions/MIN/index.html]
[docs.dremio.com/current/reference/sql/sql-functions/functions/MINDIR/index.html]
[docs.dremio.com/current/reference/sql/sql-functions/functions/MINUTE/index.html]
[docs.dremio.com/current/reference/sql/sql-functions/functions/MOD/index.html]
[docs.dremio.com/current/reference/sql/sql-functions/functions/MONTH/index.html]
[docs.dremio.com/current/reference/sql/sql-functions/functions/MONTHS_BETWEEN/index.html]
[docs.dremio.com/current/reference/sql/sql-functions/functions/NDV/index.html]
[docs.dremio.com/current/reference/sql/sql-functions/functions/NEXT_DAY/index.html]
[docs.dremio.com/current/reference/sql/sql-functions/functions/NORMALIZE_STRING/index.html]
[docs.dremio.com/current/reference/sql/sql-functions/functions/NOW/index.html]
[docs.dremio.com/current/reference/sql/sql-functions/functions/NTILE/index.html]
[docs.dremio.com/current/reference/sql/sql-functions/functions/NULLIF/index.html]
[docs.dremio.com/current/reference/sql/sql-functions/functions/NVL/index.html]
[docs.dremio.com/current/reference/sql/sql-functions/functions/OCTET_LENGTH/index.html]
[docs.dremio.com/current/reference/sql/sql-functions/functions/OVERLAPS/index.html]
[docs.dremio.com/current/reference/sql/sql-functions/functions/PARSE_URL/index.html]
[docs.dremio.com/current/reference/sql/sql-functions/functions/PERCENTILE_CONT/index.html]
[docs.dremio.com/current/reference/sql/sql-functions/functions/PERCENTILE_DISC/index.html]
[docs.dremio.com/current/reference/sql/sql-functions/functions/PERCENT_RANK/index.html]
[docs.dremio.com/current/reference/sql/sql-functions/functions/PI/index.html]
[docs.dremio.com/current/reference/sql/sql-functions/functions/PMOD/index.html]
[docs.dremio.com/current/reference/sql/sql-functions/functions/POSITION/index.html]
[docs.dremio.com/current/reference/sql/sql-functions/functions/POW__POWER/index.html]
[docs.dremio.com/current/reference/sql/sql-functions/functions/QUARTER/index.html]
[docs.dremio.com/current/reference/sql/sql-functions/functions/QUERY_USER/index.html]
[docs.dremio.com/current/reference/sql/sql-functions/functions/QUOTE/index.html]
[docs.dremio.com/current/reference/sql/sql-functions/functions/RADIANS/index.html]
[docs.dremio.com/current/reference/sql/sql-functions/functions/RANDOM/index.html]
[docs.dremio.com/current/reference/sql/sql-functions/functions/RANK/index.html]
[docs.dremio.com/current/reference/sql/sql-functions/functions/REGEXP_COL_LIKE/index.html]
[docs.dremio.com/current/reference/sql/sql-functions/functions/REGEXP_EXTRACT/index.html]
[docs.dremio.com/current/reference/sql/sql-functions/functions/REGEXP_LIKE/index.html]
[docs.dremio.com/current/reference/sql/sql-functions/functions/REGEXP_MATCHES/index.html]
[docs.dremio.com/current/reference/sql/sql-functions/functions/REGEXP_REPLACE/index.html]
[docs.dremio.com/current/reference/sql/sql-functions/functions/REGEXP_SPLIT/index.html]
[docs.dremio.com/current/reference/sql/sql-functions/functions/REPEAT/index.html]
[docs.dremio.com/current/reference/sql/sql-functions/functions/REPEATSTR/index.html]
[docs.dremio.com/current/reference/sql/sql-functions/functions/REPLACE/index.html]
[docs.dremio.com/current/reference/sql/sql-functions/functions/REVERSE/index.html]
[docs.dremio.com/current/reference/sql/sql-functions/functions/RIGHT/index.html]
[docs.dremio.com/current/reference/sql/sql-functions/functions/ROUND/index.html]
[docs.dremio.com/current/reference/sql/sql-functions/functions/ROW_NUMBER/index.html]
[docs.dremio.com/current/reference/sql/sql-functions/functions/RPAD/index.html]
[docs.dremio.com/current/reference/sql/sql-functions/functions/RSHIFT/index.html]
[docs.dremio.com/current/reference/sql/sql-functions/functions/RTRIM/index.html]
[docs.dremio.com/current/reference/sql/sql-functions/functions/SECOND/index.html]
[docs.dremio.com/current/reference/sql/sql-functions/functions/SESSION_USER/index.html]
[docs.dremio.com/current/reference/sql/sql-functions/functions/SET_UNION/index.html]
[docs.dremio.com/current/reference/sql/sql-functions/functions/SHA__SHA1/index.html]
[docs.dremio.com/current/reference/sql/sql-functions/functions/SHA256/index.html]
[docs.dremio.com/current/reference/sql/sql-functions/functions/SHA512/index.html]
[docs.dremio.com/current/reference/sql/sql-functions/functions/SIGN/index.html]
[docs.dremio.com/current/reference/sql/sql-functions/functions/SIMILAR_TO/index.html]
[docs.dremio.com/current/reference/sql/sql-functions/functions/SIN/index.html]
[docs.dremio.com/current/reference/sql/sql-functions/functions/SINH/index.html]
[docs.dremio.com/current/reference/sql/sql-functions/functions/SIZE/index.html]
[docs.dremio.com/current/reference/sql/sql-functions/functions/SOUNDEX/index.html]
[docs.dremio.com/current/reference/sql/sql-functions/functions/SPLIT_PART/index.html]
[docs.dremio.com/current/reference/sql/sql-functions/functions/SQRT/index.html]
[docs.dremio.com/current/reference/sql/sql-functions/functions/STARTS_WITH/index.html]
[docs.dremio.com/current/reference/sql/sql-functions/functions/STDDEV/index.html]
[docs.dremio.com/current/reference/sql/sql-functions/functions/STDDEV_POP/index.html]
[docs.dremio.com/current/reference/sql/sql-functions/functions/STDDEV_SAMP/index.html]
[docs.dremio.com/current/reference/sql/sql-functions/functions/STRING_BINARY/index.html]
[docs.dremio.com/current/reference/sql/sql-functions/functions/STRPOS/index.html]
[docs.dremio.com/current/reference/sql/sql-functions/functions/ST_FROMGEOHASH/index.html]
[docs.dremio.com/current/reference/sql/sql-functions/functions/ST_GEOHASH/index.html]
[docs.dremio.com/current/reference/sql/sql-functions/functions/SUBLIST/index.html]
[docs.dremio.com/current/reference/sql/sql-functions/functions/SUBSTR/index.html]
[docs.dremio.com/current/reference/sql/sql-functions/functions/SUBSTRING/index.html]
[docs.dremio.com/current/reference/sql/sql-functions/functions/SUBSTRING_INDEX/index.html]
[docs.dremio.com/current/reference/sql/sql-functions/functions/SUM/index.html]
[docs.dremio.com/current/reference/sql/sql-functions/functions/SYSTEM_USER/index.html]
[docs.dremio.com/current/reference/sql/sql-functions/functions/TAN/index.html]
[docs.dremio.com/current/reference/sql/sql-functions/functions/TANH/index.html]
[docs.dremio.com/current/reference/sql/sql-functions/functions/TIMESTAMPADD/index.html]
[docs.dremio.com/current/reference/sql/sql-functions/functions/TIMESTAMPDIFF/index.html]
[docs.dremio.com/current/reference/sql/sql-functions/functions/TIMESTAMPTYPE/index.html]
[docs.dremio.com/current/reference/sql/sql-functions/functions/TOASCII/index.html]
[docs.dremio.com/current/reference/sql/sql-functions/functions/TO_CHAR/index.html]
[docs.dremio.com/current/reference/sql/sql-functions/functions/TO_DATE/index.html]
[docs.dremio.com/current/reference/sql/sql-functions/functions/TO_HEX/index.html]
[docs.dremio.com/current/reference/sql/sql-functions/functions/TO_NUMBER/index.html]
[docs.dremio.com/current/reference/sql/sql-functions/functions/TO_TIME/index.html]
[docs.dremio.com/current/reference/sql/sql-functions/functions/TO_TIMESTAMP/index.html]
[docs.dremio.com/current/reference/sql/sql-functions/functions/TRANSACTION_TIMESTAMP/index.html]
[docs.dremio.com/current/reference/sql/sql-functions/functions/TRANSLATE/index.html]
[docs.dremio.com/current/reference/sql/sql-functions/functions/TRIM/index.html]
[docs.dremio.com/current/reference/sql/sql-functions/functions/TRUNCATE/index.html]
[docs.dremio.com/current/reference/sql/sql-functions/functions/TRY_CONVERT_FROM/index.html]
[docs.dremio.com/current/reference/sql/sql-functions/functions/TYPEOF/index.html]
[docs.dremio.com/current/reference/sql/sql-functions/functions/UCASE/index.html]
[docs.dremio.com/current/reference/sql/sql-functions/functions/UNBASE64/index.html]
[docs.dremio.com/current/reference/sql/sql-functions/functions/UNHEX/index.html]
[docs.dremio.com/current/reference/sql/sql-functions/functions/UNIX_TIMESTAMP/index.html]
[docs.dremio.com/current/reference/sql/sql-functions/functions/UPPER/index.html]
[docs.dremio.com/current/reference/sql/sql-functions/functions/USER/index.html]
[docs.dremio.com/current/reference/sql/sql-functions/functions/VAR_POP/index.html]
[docs.dremio.com/current/reference/sql/sql-functions/functions/VAR_SAMP/index.html]
[docs.dremio.com/current/reference/sql/sql-functions/functions/WEEK/index.html]
[docs.dremio.com/current/reference/sql/sql-functions/functions/WEEKOFYEAR/index.html]
[docs.dremio.com/current/reference/sql/sql-functions/functions/XOR/index.html]
[docs.dremio.com/current/reference/sql/sql-functions/functions/YEAR/index.html]
[docs.dremio.com/current/reference/sql/sql-functions/functions/QUARTER]
